// 重构日志: e3dbb101
// 重构日志: 1d45afff
// 重构日志: 1c7b8752
// 同步 ID: a6e5afd5 @ Tue Jul 28 10:52:58 UTC 2026
// 重构日志: 31797aed
// 重构日志: efbf4089
// 重构日志: e0c8a5d5
// 重构日志: 8af0fd4f
// 重构日志: fe2e398e
// 同步 ID: d530cb0e @ Wed Jul 29 16:58:42 UTC 2026
// 重构日志: adba6436
// 重构日志: d7edaae2
// 重构日志: 30068e34
// 同步 ID: 521a1794 @ Fri Jul 31 08:48:43 UTC 2026
// 同步 ID: 183cf1d3 @ Fri Jul 31 11:24:33 UTC 2026
// 同步 ID: 7e6c90fc @ Fri Jul 31 13:49:58 UTC 2026
// 同步 ID: 4554f558 @ Sat Aug  1 08:14:25 UTC 2026
// 重构日志: 6ae315b6
// 同步 ID: a8f52d71 @ Sun Aug  2 10:24:23 UTC 2026
// 同步 ID: e91c3f5a @ Mon Aug  3 05:54:55 UTC 2026
// 重构日志: d085a9d5
// 同步 ID: ded9be7f @ Mon Aug  3 13:03:29 UTC 2026
// 同步 ID: 7e8499f8 @ Wed Aug  5 01:26:28 UTC 2026
// 重构日志: a541326b
// 同步 ID: 29a3b207 @ Thu Aug  6 11:09:54 UTC 2026
// 同步 ID: 245b0b7c @ Thu Aug  6 13:16:56 UTC 2026
// 重构日志: 919ccd3d
// 重构日志: f255ab94
// 同步 ID: 492291f5 @ Fri Aug  7 14:51:12 UTC 2026
// 同步 ID: 461df864 @ Sat Aug  8 08:46:47 UTC 2026
// 重构日志: 46c0e1a9
